// Jest Snapshot v1, https://goo.gl/fbAQLP

exports[`check snapshot 1`] = `
<RCTSafeAreaView
  style={
    {
      "flex": 1,
    }
  }
>
  <View
    style={
      {
        "alignContent": "center",
        "alignSelf": "center",
        "backgroundColor": "#929292",
        "flexDirection": "row",
        "height": 64,
      }
    }
  >
    <Text
      accessibilityRole="header"
      style={
        {
          "alignSelf": "center",
          "fontSize": 20,
          "fontWeight": "500",
          "textAlign": "center",
          "width": "100%",
        }
      }
    >
      Github Search
    </Text>
  </View>
  <TextInput
    autoCapitalize="none"
    autoCorrect={false}
    onChangeText={[Function]}
    placeholder="Search Input"
    style={
      {
        "backgroundColor": "#d5d5d5",
        "borderRadius": 6,
        "fontSize": 20,
        "marginBottom": 24,
        "marginLeft": 16,
        "marginRight": 16,
        "marginTop": 24,
        "padding": 10,
      }
    }
    value=""
  />
  <View
    accessibilityLabel="editBtn"
    accessibilityRole="button"
    accessibilityState={
      {
        "busy": undefined,
        "checked": undefined,
        "disabled": undefined,
        "expanded": undefined,
        "selected": undefined,
      }
    }
    accessibilityValue={
      {
        "max": undefined,
        "min": undefined,
        "now": undefined,
        "text": undefined,
      }
    }
    accessible={true}
    collapsable={false}
    focusable={true}
    onClick={[Function]}
    onResponderGrant={[Function]}
    onResponderMove={[Function]}
    onResponderRelease={[Function]}
    onResponderTerminate={[Function]}
    onResponderTerminationRequest={[Function]}
    onStartShouldSetResponder={[Function]}
    style={
      {
        "alignSelf": "flex-start",
        "backgroundColor": "#04a1fe",
        "borderRadius": 18,
        "marginBottom": 5,
        "marginLeft": 16,
        "opacity": 1,
        "padding": 8,
      }
    }
  >
    <Text>
      Edit
    </Text>
  </View>
  <RCTScrollView
    getItem={[Function]}
    getItemCount={[Function]}
    initialNumToRender={2}
    keyExtractor={[Function]}
    onContentSizeChange={[Function]}
    onLayout={[Function]}
    onMomentumScrollBegin={[Function]}
    onMomentumScrollEnd={[Function]}
    onScroll={[Function]}
    onScrollBeginDrag={[Function]}
    onScrollEndDrag={[Function]}
    renderItem={[Function]}
    scrollEventThrottle={0.0001}
    stickyHeaderIndices={[]}
  >
    <View />
  </RCTScrollView>
</RCTSafeAreaView>
`;
